// Jest Snapshot v1, https://goo.gl/fbAQLP

exports[`Button renders successfully renders without crashing 1`] = `
<button
  class="sc-AxjAm cTkZEu"
/>
`;
