// Jest Snapshot v1, https://goo.gl/fbAQLP

exports[`Layout renders successfully renders snapshot of Layout 1`] = `
<Layout>
  <ThemeProvider
    theme={
      Object {
        "black": "#393939",
        "brandMain": "#CB1E27",
        "bs": "0 12px 24px 0 rgba(0, 0, 0, 0.09)",
        "grey": "#3A3A3A",
        "lightgrey": "#E1E1E1",
        "maxWidth": "1600px",
        "offWhite": "#EDEDED",
        "red": "#FF0000",
      }
    }
  >
    <HelmetWrapper
      defer={true}
      encodeSpecialCharacters={true}
    >
      <SideEffect(NullComponent)
        defer={true}
        encodeSpecialCharacters={true}
        link={
          Array [
            Object {
              "href": "App.css",
              "rel": "stylesheet",
              "type": "text/css",
            },
          ]
        }
      >
        <NullComponent
          defer={true}
          encodeSpecialCharacters={true}
          link={
            Array [
              Object {
                "href": "App.css",
                "rel": "stylesheet",
                "type": "text/css",
              },
            ]
          }
        />
      </SideEffect(NullComponent)>
    </HelmetWrapper>
    <Memo(GlobalStyleComponent) />
  </ThemeProvider>
</Layout>
`;

exports[`Layout renders successfully renders without crashing 1`] = `null`;
