// Jest Snapshot v1, https://goo.gl/fbAQLP

exports[`Search clear link renders successfully renders without crashing 1`] = `
<div
  class="sc-AxjAm bJbhSW"
/>
`;
